Command line invocation:
    /Applications/Xcode.app/Contents/Developer/usr/bin/xcodebuild -project /Users/rakeshsharma/Documents/Viewlift/Framework_Code/ViewLift-IOS-PlayerFramework/ViewliftPlayerSampleApp.xcodeproj -scheme ViewliftPlayerSampleApp -destination "platform=iOS Simulator,name=iPhone SE (3rd generation)" -sdk iphonesimulator clean build

Build settings from command line:
    SDKROOT = iphonesimulator26.2

Resolve Package Graph

Updating from https://github.com/snagfilms/iOS-VLBeacon-SPM

Updating from https://github.com/snagfilms/ViewLift-IOS-PlayerFramework

Updating from https://github.com/efremidze/VisualEffectView

Updating from https://github.com/google/GoogleSignIn-iOS

Updating from https://github.com/google/gtm-session-fetcher.git

Updating from https://github.com/muxinc/stats-sdk-objc.git

Updating from https://github.com/muxinc/mux-stats-sdk-avplayer.git

Updating from https://github.com/openid/AppAuth-iOS.git

Updating from https://github.com/bitmovin/player-ios-core.git

Updating from https://github.com/adobe/aepsdk-rulesengine-ios.git

Updating from https://github.com/googleads/swift-package-manager-google-interactive-media-ads-ios.git

Updating from https://github.com/google/GTMAppAuth.git

Updating from https://github.com/adobe/aepsdk-core-ios.git

Updating from https://github.com/facebook/facebook-ios-sdk.git

Updating from https://github.com/AppsFlyerSDK/AppsFlyerFramework

Updating from https://github.com/comScore/Comscore-Swift-Package-Manager

Updating from https://github.com/braze-inc/braze-swift-sdk

Updating from https://github.com/adobe/aepsdk-analytics-ios.git

Updating from https://github.com/CleverTap/clevertap-ios-sdk

Updating from https://github.com/Conviva/conviva-ios-sdk-spm

Updating from https://github.com/adobe/aepsdk-media-ios.git

Updating from https://github.com/SDWebImage/SDWebImage.git

Updating from https://github.com/bitmovin/bitmovin-analytics-collector-ios.git

Updating from https://github.com/M3U8Kit/M3U8Parser.git

Updating from https://github.com/onevcat/Kingfisher.git

Updating from https://github.com/googleads/swift-package-manager-google-interactive-media-ads-tvos.git

Updating from https://github.com/bitmovin/player-ios.git


Resolved source packages:
  AppAuth: https://github.com/openid/AppAuth-iOS.git @ 1.7.6
  VLAuthentication: /Users/rakeshsharma/Documents/Viewlift/SPM/iOS-VLAuthentication-SPM @ local
  MuxCore: https://github.com/muxinc/stats-sdk-objc.git @ 5.0.1
  BitmovinPlayerCore: https://github.com/bitmovin/player-ios-core.git @ 3.85.2
  CleverTapSDK: https://github.com/CleverTap/clevertap-ios-sdk @ 4.2.2
  Kingfisher: https://github.com/onevcat/Kingfisher.git @ 7.12.0
  AppsFlyerLib: https://github.com/AppsFlyerSDK/AppsFlyerFramework @ 6.17.8
  ComScore: https://github.com/comScore/Comscore-Swift-Package-Manager @ 6.15.0
  M3U8Parser: https://github.com/M3U8Kit/M3U8Parser.git @ 1.0.2
  AEPMedia: https://github.com/adobe/aepsdk-media-ios.git @ 3.1.0
  braze-swift-sdk: https://github.com/braze-inc/braze-swift-sdk @ 5.14.0
  VLBeaconLib: https://github.com/snagfilms/iOS-VLBeacon-SPM.git @ Develop (acff2e3)
  VLAnalytics: /Users/rakeshsharma/Documents/Viewlift/SPM/iOS-VLAnalytics-SPM @ local
  GTMSessionFetcher: https://github.com/google/gtm-session-fetcher.git @ 3.5.0
  VLPlayerLib: https://github.com/snagfilms/ViewLift-IOS-PlayerFramework @ 3.2.26 (7a125c9)
  GoogleInteractiveMediaAds: https://github.com/googleads/swift-package-manager-google-interactive-media-ads-ios.git @ 3.28.10
  Facebook: https://github.com/facebook/facebook-ios-sdk.git @ 16.3.1
  BitmovinAnalytics: https://github.com/bitmovin/bitmovin-analytics-collector-ios.git @ 3.19.0
  GTMAppAuth: https://github.com/google/GTMAppAuth.git @ 2.0.0
  GoogleSignIn: https://github.com/google/GoogleSignIn-iOS @ 7.0.0 (7932d33)
  AEPRulesEngine: https://github.com/adobe/aepsdk-rulesengine-ios.git @ 1.2.3
  SDWebImage: https://github.com/SDWebImage/SDWebImage.git @ 5.21.5
  AEPCore: https://github.com/adobe/aepsdk-core-ios.git @ 3.9.0
  ConvivaSDK: https://github.com/Conviva/conviva-ios-sdk-spm @ 4.3.0
  BitmovinPlayer: https://github.com/bitmovin/player-ios.git @ 3.85.2
  AEPAnalytics: https://github.com/adobe/aepsdk-analytics-ios.git @ 3.2.0
  GoogleInteractiveMediaAdsTvOS: https://github.com/googleads/swift-package-manager-google-interactive-media-ads-tvos.git @ 4.16.0
  VisualEffectView: https://github.com/efremidze/VisualEffectView @ master (cecddfe)
  MUXSDKStats: https://github.com/muxinc/mux-stats-sdk-avplayer.git @ 4.0.0

